// Jest Snapshot v1, https://goo.gl/fbAQLP

exports[`Pruebas en gift item should hacer match con el snapshot 1`] = `
<div>
  <div
    class="card"
  >
    <img
      alt="Title"
      src="https://url/"
    />
    <p>
      Title
    </p>
  </div>
</div>
`;
